stm32f4xx_hal_msp.c:66:6:HAL_MspInit	8	static
stm32f4xx_hal_msp.c:88:6:HAL_ADC_MspInit	48	static
stm32f4xx_hal_msp.c:125:6:HAL_ADC_MspDeInit	8	static
stm32f4xx_hal_msp.c:156:6:HAL_CAN_MspInit	48	static
stm32f4xx_hal_msp.c:195:6:HAL_CAN_MspDeInit	8	static
stm32f4xx_hal_msp.c:226:6:HAL_TIM_Base_MspInit	16	static
stm32f4xx_hal_msp.c:256:6:HAL_TIM_MspPostInit	32	static
stm32f4xx_hal_msp.c:289:6:HAL_TIM_Base_MspDeInit	8	static
stm32f4xx_hal_msp.c:325:6:HAL_UART_MspInit	48	static
stm32f4xx_hal_msp.c:391:6:HAL_UART_MspDeInit	8	static
