main.c:731:13:MX_GPIO_Init	64	static
main.c:945:6:HAL_TIM_PeriodElapsedCallback	0	static
main.c:963:6:HAL_GPIO_EXTI_Callback	0	static
main.c:1046:6:COMerrorSignal	8	static
main.c:1057:6:CMDerrorSignal	8	static
main.c:1068:6:UpdateOperModeLEDs	8	static
main.c:1094:6:Operate3colorLED	8	static
main.c:1304:6:Error_Handler	8	static
main.c:402:13:MX_ADC1_Init	56	static
main.c:476:13:MX_CAN1_Init	48	static
main.c:665:13:MX_USART2_UART_Init	8	static
main.c:556:13:MX_TIM1_Init	32	static
main.c:698:13:MX_USART3_UART_Init	8	static
main.c:602:13:MX_TIM3_Init	64	static
main.c:351:6:SystemClock_Config	88	static
main.c:989:6:HAL_CAN_RxFifo0MsgPendingCallback	16	static
main.c:1115:6:SendOperModeToCAN	8	static
main.c:789:6:HAL_SYSTICK_Callback	16	static
main.c:1131:6:CAN1_Tx	8	static
main.c:1148:6:ConfigureWheelDrive	48	static
main.c:1203:6:ConfigureSteeringServo	48	static
main.c:1227:6:SendWheelReferenceMsg	16	static
main.c:1264:6:Ackermann	48	static
main.c:1250:6:SendServoReferenceMsg	16	static
main.c:207:5:main	32	static
