main.c:844:13:MX_GPIO_Init	64	static
main.c:1064:6:HAL_GPIO_EXTI_Callback	0	static
main.c:1196:6:COMerrorSignal	8	static
main.c:1207:6:CMDerrorSignal	40	static
main.c:1219:6:UpdateOperModeLEDs	8	static
main.c:1245:6:Operate3colorLED	8	static
main.c:1424:10:CANid	0	static
main.c:1429:6:StateTransition	40	static
main.c:1450:6:UART2_RX	32	static
main.c:1545:6:Error_Handler	8	static
main.c:484:13:MX_ADC1_Init	56	static
main.c:558:13:MX_CAN1_Init	48	static
main.c:778:13:MX_USART2_UART_Init	8	static
main.c:638:13:MX_TIM1_Init	32	static
main.c:811:13:MX_USART3_UART_Init	8	static
main.c:684:13:MX_TIM3_Init	64	static
main.c:747:13:MX_TIM10_Init	8	static
main.c:433:6:SystemClock_Config	88	static
main.c:1090:6:HAL_CAN_RxFifo0MsgPendingCallback	16	static
main.c:1266:6:SendOperModeToCAN	8	static
main.c:902:6:HAL_SYSTICK_Callback	16	static
main.c:1282:6:CAN1_Tx	8	static
main.c:1299:6:ConfigureWheelDrive	24	static
main.c:1343:6:SendWheelReferenceMsg	16	static
main.c:1371:6:Ackermann	40	static
main.c:1353:6:SendServoReferenceMsg	8	static
main.c:1527:6:HAL_TIM_PeriodElapsedCallback	8	static
main.c:1332:6:ConfigureSteeringServo	8	static
main.c:1360:6:ConfigureServoNullpoint	8	static
main.c:1401:6:DiscoverUnits	16	static
main.c:264:5:main	32	static
