main.c:733:13:MX_GPIO_Init	64	static
main.c:947:6:HAL_TIM_PeriodElapsedCallback	0	static
main.c:965:6:HAL_GPIO_EXTI_Callback	0	static
main.c:1048:6:COMerrorSignal	8	static
main.c:1059:6:CMDerrorSignal	8	static
main.c:1070:6:UpdateOperModeLEDs	8	static
main.c:1096:6:Operate3colorLED	8	static
main.c:1156:6:Error_Handler	8	static
main.c:404:13:MX_ADC1_Init	56	static
main.c:478:13:MX_CAN1_Init	48	static
main.c:667:13:MX_USART2_UART_Init	8	static
main.c:558:13:MX_TIM1_Init	32	static
main.c:700:13:MX_USART3_UART_Init	8	static
main.c:604:13:MX_TIM3_Init	64	static
main.c:353:6:SystemClock_Config	88	static
main.c:991:6:HAL_CAN_RxFifo0MsgPendingCallback	16	static
main.c:1117:6:SendOperModeToCAN	8	static
main.c:791:6:HAL_SYSTICK_Callback	16	static
main.c:1133:6:CAN1_Tx	8	static
main.c:186:5:main	40	static
