main.c:836:13:MX_GPIO_Init	64	static
main.c:1056:6:HAL_GPIO_EXTI_Callback	0	static
main.c:1164:6:COMerrorSignal	8	static
main.c:1175:6:CMDerrorSignal	8	static
main.c:1186:6:UpdateOperModeLEDs	8	static
main.c:1212:6:Operate3colorLED	8	static
main.c:1404:10:CANid	0	static
main.c:1428:6:Error_Handler	8	static
main.c:476:13:MX_ADC1_Init	56	static
main.c:550:13:MX_CAN1_Init	48	static
main.c:770:13:MX_USART2_UART_Init	8	static
main.c:630:13:MX_TIM1_Init	32	static
main.c:803:13:MX_USART3_UART_Init	8	static
main.c:676:13:MX_TIM3_Init	64	static
main.c:739:13:MX_TIM10_Init	8	static
main.c:425:6:SystemClock_Config	88	static
main.c:1082:6:HAL_CAN_RxFifo0MsgPendingCallback	16	static
main.c:1233:6:SendOperModeToCAN	8	static
main.c:894:6:HAL_SYSTICK_Callback	16	static
main.c:1249:6:CAN1_Tx	8	static
main.c:1266:6:ConfigureWheelDrive	24	static
main.c:1310:6:SendWheelReferenceMsg	16	static
main.c:1351:6:Ackermann	48	static
main.c:1333:6:SendServoReferenceMsg	8	static
main.c:1410:6:HAL_TIM_PeriodElapsedCallback	8	static
main.c:1299:6:ConfigureSteeringServo	8	static
main.c:1340:6:ConfigureServoNullpoint	8	static
main.c:1381:6:DiscoverUnits	16	static
main.c:255:5:main	32	static
