main.c:772:13:MX_GPIO_Init	64	static
main.c:992:6:HAL_GPIO_EXTI_Callback	0	static
main.c:1075:6:COMerrorSignal	8	static
main.c:1086:6:CMDerrorSignal	8	static
main.c:1097:6:UpdateOperModeLEDs	8	static
main.c:1123:6:Operate3colorLED	8	static
main.c:1347:6:Error_Handler	8	static
main.c:412:13:MX_ADC1_Init	56	static
main.c:486:13:MX_CAN1_Init	48	static
main.c:706:13:MX_USART2_UART_Init	8	static
main.c:566:13:MX_TIM1_Init	32	static
main.c:739:13:MX_USART3_UART_Init	8	static
main.c:612:13:MX_TIM3_Init	64	static
main.c:675:13:MX_TIM10_Init	8	static
main.c:361:6:SystemClock_Config	88	static
main.c:1018:6:HAL_CAN_RxFifo0MsgPendingCallback	16	static
main.c:1144:6:SendOperModeToCAN	8	static
main.c:830:6:HAL_SYSTICK_Callback	16	static
main.c:1160:6:CAN1_Tx	8	static
main.c:1177:6:ConfigureWheelDrive	48	static
main.c:1258:6:SendWheelReferenceMsg	16	static
main.c:1295:6:Ackermann	48	static
main.c:1281:6:SendServoReferenceMsg	16	static
main.c:1328:6:HAL_TIM_PeriodElapsedCallback	8	static
main.c:1232:6:ConfigureSteeringServo	48	static
main.c:213:5:main	32	static
