main.c:836:13:MX_GPIO_Init	64	static
main.c:1056:6:HAL_GPIO_EXTI_Callback	0	static
main.c:1188:6:COMerrorSignal	8	static
main.c:1199:6:CMDerrorSignal	8	static
main.c:1210:6:UpdateOperModeLEDs	8	static
main.c:1236:6:Operate3colorLED	8	static
main.c:1415:10:CANid	0	static
main.c:1420:6:StateTransition	24	static
main.c:1459:6:Error_Handler	8	static
main.c:476:13:MX_ADC1_Init	56	static
main.c:550:13:MX_CAN1_Init	48	static
main.c:770:13:MX_USART2_UART_Init	8	static
main.c:630:13:MX_TIM1_Init	32	static
main.c:803:13:MX_USART3_UART_Init	8	static
main.c:676:13:MX_TIM3_Init	64	static
main.c:739:13:MX_TIM10_Init	8	static
main.c:425:6:SystemClock_Config	88	static
main.c:1082:6:HAL_CAN_RxFifo0MsgPendingCallback	16	static
main.c:1257:6:SendOperModeToCAN	8	static
main.c:894:6:HAL_SYSTICK_Callback	16	static
main.c:1273:6:CAN1_Tx	8	static
main.c:1290:6:ConfigureWheelDrive	24	static
main.c:1334:6:SendWheelReferenceMsg	16	static
main.c:1362:6:Ackermann	40	static
main.c:1344:6:SendServoReferenceMsg	8	static
main.c:1442:6:HAL_TIM_PeriodElapsedCallback	8	static
main.c:1323:6:ConfigureSteeringServo	8	static
main.c:1351:6:ConfigureServoNullpoint	8	static
main.c:1392:6:DiscoverUnits	16	static
main.c:258:5:main	32	static
