main.c:784:13:MX_GPIO_Init	64	static
main.c:998:6:HAL_TIM_PeriodElapsedCallback	0	static
main.c:1016:6:HAL_GPIO_EXTI_Callback	0	static
main.c:1099:6:COMerrorSignal	8	static
main.c:1110:6:CMDerrorSignal	8	static
main.c:1121:6:UpdateOperModeLEDs	8	static
main.c:1147:6:Operate3colorLED	8	static
main.c:1201:11:CalculateReferenceMsg	8	static
main.c:1228:6:Error_Handler	8	static
main.c:455:13:MX_ADC1_Init	56	static
main.c:529:13:MX_CAN1_Init	48	static
main.c:718:13:MX_USART2_UART_Init	8	static
main.c:609:13:MX_TIM1_Init	32	static
main.c:751:13:MX_USART3_UART_Init	8	static
main.c:655:13:MX_TIM3_Init	64	static
main.c:404:6:SystemClock_Config	88	static
main.c:1042:6:HAL_CAN_RxFifo0MsgPendingCallback	16	static
main.c:1168:6:SendOperModeToCAN	8	static
main.c:842:6:HAL_SYSTICK_Callback	16	static
main.c:1184:6:CAN1_Tx	8	static
main.c:187:5:main	40	static
