main.c:783:13:MX_GPIO_Init	64	static
main.c:997:6:HAL_TIM_PeriodElapsedCallback	0	static
main.c:1015:6:HAL_GPIO_EXTI_Callback	0	static
main.c:1098:6:COMerrorSignal	8	static
main.c:1109:6:CMDerrorSignal	8	static
main.c:1120:6:UpdateOperModeLEDs	8	static
main.c:1146:6:Operate3colorLED	8	static
main.c:1200:6:CalculateReferenceMsg	8	static
main.c:1220:6:Error_Handler	8	static
main.c:454:13:MX_ADC1_Init	56	static
main.c:528:13:MX_CAN1_Init	48	static
main.c:717:13:MX_USART2_UART_Init	8	static
main.c:608:13:MX_TIM1_Init	32	static
main.c:750:13:MX_USART3_UART_Init	8	static
main.c:654:13:MX_TIM3_Init	64	static
main.c:403:6:SystemClock_Config	88	static
main.c:1041:6:HAL_CAN_RxFifo0MsgPendingCallback	16	static
main.c:1167:6:SendOperModeToCAN	8	static
main.c:841:6:HAL_SYSTICK_Callback	16	static
main.c:1183:6:CAN1_Tx	8	static
main.c:187:5:main	40	static
