main.c:749:13:MX_GPIO_Init	64	static
main.c:963:6:HAL_TIM_PeriodElapsedCallback	0	static
main.c:981:6:HAL_GPIO_EXTI_Callback	0	static
main.c:1064:6:COMerrorSignal	8	static
main.c:1075:6:CMDerrorSignal	8	static
main.c:1086:6:UpdateOperModeLEDs	8	static
main.c:1112:6:Operate3colorLED	8	static
main.c:1154:6:Error_Handler	8	static
main.c:420:13:MX_ADC1_Init	56	static
main.c:494:13:MX_CAN1_Init	48	static
main.c:683:13:MX_USART2_UART_Init	8	static
main.c:574:13:MX_TIM1_Init	32	static
main.c:716:13:MX_USART3_UART_Init	8	static
main.c:620:13:MX_TIM3_Init	64	static
main.c:369:6:SystemClock_Config	88	static
main.c:149:5:main	40	static
main.c:1007:6:HAL_CAN_RxFifo0MsgPendingCallback	16	static
main.c:1133:6:SendOperModeToCAN	8	static
main.c:807:6:HAL_SYSTICK_Callback	16	static
