main.c:835:13:MX_GPIO_Init	64	static
main.c:1055:6:HAL_GPIO_EXTI_Callback	0	static
main.c:1171:6:COMerrorSignal	8	static
main.c:1182:6:CMDerrorSignal	8	static
main.c:1193:6:UpdateOperModeLEDs	8	static
main.c:1219:6:Operate3colorLED	8	static
main.c:1398:10:CANid	0	static
main.c:1421:6:Error_Handler	8	static
main.c:475:13:MX_ADC1_Init	56	static
main.c:549:13:MX_CAN1_Init	48	static
main.c:769:13:MX_USART2_UART_Init	8	static
main.c:629:13:MX_TIM1_Init	32	static
main.c:802:13:MX_USART3_UART_Init	8	static
main.c:675:13:MX_TIM3_Init	64	static
main.c:738:13:MX_TIM10_Init	8	static
main.c:424:6:SystemClock_Config	88	static
main.c:1081:6:HAL_CAN_RxFifo0MsgPendingCallback	16	static
main.c:1240:6:SendOperModeToCAN	8	static
main.c:893:6:HAL_SYSTICK_Callback	16	static
main.c:1256:6:CAN1_Tx	8	static
main.c:1273:6:ConfigureWheelDrive	24	static
main.c:1317:6:SendWheelReferenceMsg	16	static
main.c:1345:6:Ackermann	48	static
main.c:1327:6:SendServoReferenceMsg	8	static
main.c:1404:6:HAL_TIM_PeriodElapsedCallback	8	static
main.c:1306:6:ConfigureSteeringServo	8	static
main.c:1334:6:ConfigureServoNullpoint	8	static
main.c:1375:6:DiscoverUnits	16	static
main.c:254:5:main	32	static
