main.c:746:13:MX_GPIO_Init	64	static
main.c:960:6:HAL_TIM_PeriodElapsedCallback	0	static
main.c:978:6:HAL_GPIO_EXTI_Callback	0	static
main.c:1061:6:COMerrorSignal	8	static
main.c:1072:6:CMDerrorSignal	8	static
main.c:1083:6:UpdateOperModeLEDs	8	static
main.c:1109:6:Operate3colorLED	8	static
main.c:1248:6:Error_Handler	8	static
main.c:417:13:MX_ADC1_Init	56	static
main.c:491:13:MX_CAN1_Init	48	static
main.c:680:13:MX_USART2_UART_Init	8	static
main.c:571:13:MX_TIM1_Init	32	static
main.c:713:13:MX_USART3_UART_Init	8	static
main.c:617:13:MX_TIM3_Init	64	static
main.c:366:6:SystemClock_Config	88	static
main.c:1004:6:HAL_CAN_RxFifo0MsgPendingCallback	16	static
main.c:1130:6:SendOperModeToCAN	8	static
main.c:804:6:HAL_SYSTICK_Callback	16	static
main.c:1146:6:CAN1_Tx	8	static
main.c:198:5:main	32	static
main.c:1163:6:ConfigureWheelDrive	48	static
main.c:1218:6:SendWheelReferenceMsg	16	static
