main.c:722:13:MX_GPIO_Init	64	static
main.c:936:6:HAL_TIM_PeriodElapsedCallback	0	static
main.c:954:6:HAL_GPIO_EXTI_Callback	0	static
main.c:1037:6:COMerrorSignal	8	static
main.c:1048:6:CMDerrorSignal	8	static
main.c:1059:6:UpdateOperModeLEDs	8	static
main.c:1085:6:Operate3colorLED	8	static
main.c:1202:6:Error_Handler	8	static
main.c:393:13:MX_ADC1_Init	56	static
main.c:467:13:MX_CAN1_Init	48	static
main.c:656:13:MX_USART2_UART_Init	8	static
main.c:547:13:MX_TIM1_Init	32	static
main.c:689:13:MX_USART3_UART_Init	8	static
main.c:593:13:MX_TIM3_Init	64	static
main.c:342:6:SystemClock_Config	88	static
main.c:980:6:HAL_CAN_RxFifo0MsgPendingCallback	16	static
main.c:1106:6:SendOperModeToCAN	8	static
main.c:780:6:HAL_SYSTICK_Callback	16	static
main.c:1122:6:CAN1_Tx	8	static
main.c:1139:6:ConfigureWheelDrive	48	static
main.c:196:5:main	32	static
