main.c:779:13:MX_GPIO_Init	64	static
main.c:993:6:HAL_TIM_PeriodElapsedCallback	0	static
main.c:1011:6:HAL_GPIO_EXTI_Callback	0	static
main.c:1094:6:COMerrorSignal	8	static
main.c:1105:6:CMDerrorSignal	8	static
main.c:1116:6:UpdateOperModeLEDs	8	static
main.c:1142:6:Operate3colorLED	8	static
main.c:1202:6:Error_Handler	8	static
main.c:450:13:MX_ADC1_Init	56	static
main.c:524:13:MX_CAN1_Init	48	static
main.c:713:13:MX_USART2_UART_Init	8	static
main.c:604:13:MX_TIM1_Init	32	static
main.c:746:13:MX_USART3_UART_Init	8	static
main.c:650:13:MX_TIM3_Init	64	static
main.c:399:6:SystemClock_Config	88	static
main.c:1037:6:HAL_CAN_RxFifo0MsgPendingCallback	16	static
main.c:1163:6:SendOperModeToCAN	8	static
main.c:837:6:HAL_SYSTICK_Callback	16	static
main.c:1179:6:CAN1_Tx	8	static
main.c:186:5:main	40	static
