main.c:764:13:MX_GPIO_Init	64	static
main.c:978:6:HAL_TIM_PeriodElapsedCallback	0	static
main.c:996:6:HAL_GPIO_EXTI_Callback	0	static
main.c:1079:6:COMerrorSignal	8	static
main.c:1090:6:CMDerrorSignal	8	static
main.c:1101:6:UpdateOperModeLEDs	8	static
main.c:1127:6:Operate3colorLED	8	static
main.c:1188:6:Error_Handler	8	static
main.c:435:13:MX_ADC1_Init	56	static
main.c:509:13:MX_CAN1_Init	48	static
main.c:698:13:MX_USART2_UART_Init	8	static
main.c:589:13:MX_TIM1_Init	32	static
main.c:731:13:MX_USART3_UART_Init	8	static
main.c:635:13:MX_TIM3_Init	64	static
main.c:384:6:SystemClock_Config	88	static
main.c:1022:6:HAL_CAN_RxFifo0MsgPendingCallback	16	static
main.c:1148:6:SendOperModeToCAN	8	static
main.c:822:6:HAL_SYSTICK_Callback	16	static
main.c:1164:6:CAN1_Tx	8	static
main.c:186:5:main	40	static
