stm32f4xx_it.c:75:6:NMI_Handler	0	static
stm32f4xx_it.c:88:6:HardFault_Handler	0	static
stm32f4xx_it.c:103:6:MemManage_Handler	0	static
stm32f4xx_it.c:118:6:BusFault_Handler	0	static
stm32f4xx_it.c:133:6:UsageFault_Handler	0	static
stm32f4xx_it.c:148:6:SVC_Handler	0	static
stm32f4xx_it.c:161:6:DebugMon_Handler	0	static
stm32f4xx_it.c:174:6:PendSV_Handler	0	static
stm32f4xx_it.c:187:6:SysTick_Handler	8	static
stm32f4xx_it.c:208:6:ADC_IRQHandler	8	static
stm32f4xx_it.c:222:6:CAN1_RX0_IRQHandler	8	static
stm32f4xx_it.c:236:6:TIM1_UP_TIM10_IRQHandler	8	static
stm32f4xx_it.c:251:6:USART2_IRQHandler	8	static
stm32f4xx_it.c:265:6:USART3_IRQHandler	8	static
stm32f4xx_it.c:279:6:EXTI15_10_IRQHandler	8	static
