stm32f4xx_hal_msp.c:66:6:HAL_MspInit	8	static
stm32f4xx_hal_msp.c:88:6:HAL_ADC_MspInit	48	static
stm32f4xx_hal_msp.c:125:6:HAL_ADC_MspDeInit	8	static
stm32f4xx_hal_msp.c:156:6:HAL_CAN_MspInit	48	static
stm32f4xx_hal_msp.c:195:6:HAL_CAN_MspDeInit	8	static
stm32f4xx_hal_msp.c:226:6:HAL_TIM_Base_MspInit	24	static
stm32f4xx_hal_msp.c:270:6:HAL_TIM_MspPostInit	32	static
stm32f4xx_hal_msp.c:303:6:HAL_TIM_Base_MspDeInit	0	static
stm32f4xx_hal_msp.c:367:6:HAL_UART_MspInit	48	static
stm32f4xx_hal_msp.c:433:6:HAL_UART_MspDeInit	8	static
